[Map]
author=Rob Werhand
image=Equalizer.bmp
wrap=yes
scroll=none
warn=yes

[Continents]
Column 1=3
Column 2=4
Column 3=3
Column 4=3
Column 5=3
Column 6=3
Column 7=3
Column 8=4
Column 9=3

[Territories]
Territory00,148,70,Column 1,Territory17
Territory01,150,134,Column 1,Territory17,Territory18,Territory02
Territory02,150,167,Column 1,Territory01,Territory18,Territory19,Territory03
Territory03,150,199,Column 1,Territory20,Territory19,Territory04,Territory02
Territory04,150,236,Column 1,Territory03,Territory20,Territory21,Territory05,Territory19
Territory05,151,274,Column 1,Territory04,Territory20,Territory21
Territory06,152,348,Column 1,Territory22,Territory23,Territory07
Territory07,152,389,Column 1,Territory06,Territory23,Territory22,Territory24,Territory08
Territory08,152,429,Column 1,Territory07,Territory23,Territory24,Territory25
Territory09,148,523,Column 1,Territory25,Territory26,Territory10
Territory10,149,565,Column 1,Territory27,Territory26,Territory11,Territory09
Territory11,149,611,Column 1,Territory10,Territory27,Territory28,Territory12
Territory12,148,651,Column 1,Territory11,Territory28,Territory27,Territory13
Territory13,149,696,Column 1,Territory12,Territory28,Territory14
Territory14,150,737,Column 1,Territory13,Territory29,Territory15
Territory15,151,772,Column 1,Territory14,Territory30,Territory29
Territory16,152,835,Column 1,Territory32,Territory31,Territory30
Territory17,266,99,Column 2,Territory00,Territory01,Territory33,Territory34,Territory35,Territory18
Territory18,267,133,Column 2,Territory01,Territory02,Territory34,Territory35,Territory17
Territory19,270,200,Column 2,Territory02,Territory03,Territory04,Territory36,Territory20
Territory20,269,234,Column 2,Territory03,Territory04,Territory05,Territory19,Territory21,Territory37,Territory36
Territory21,269,273,Column 2,Territory04,Territory05,Territory20,Territory37,Territory38
Territory22,267,348,Column 2,Territory06,Territory07,Territory38,Territory39,Territory23
Territory23,268,389,Column 2,Territory06,Territory07,Territory08,Territory22,Territory40,Territory24,Territory39
Territory24,268,427,Column 2,Territory07,Territory08,Territory23,Territory40,Territory25
Territory25,267,473,Column 2,Territory08,Territory09,Territory24,Territory41,Territory26,Territory40
Territory26,268,521,Column 2,Territory09,Territory10,Territory25,Territory41,Territory42
Territory27,268,611,Column 2,Territory10,Territory11,Territory12,Territory42,Territory43,Territory28
Territory28,267,652,Column 2,Territory11,Territory12,Territory13,Territory27,Territory43
Territory29,264,774,Column 2,Territory14,Territory15,Territory30,Territory44,Territory45,Territory46
Territory30,265,807,Column 2,Territory15,Territory16,Territory29,Territory31,Territory45,Territory46,Territory47
Territory31,265,838,Column 2,Territory16,Territory30,Territory32,Territory46,Territory47
Territory32,269,865,Column 2,Territory16,Territory31,Territory47
Territory33,387,82,Column 3,Territory17,Territory48,Territory49,Territory34
Territory34,386,109,Column 3,Territory17,Territory18,Territory33,Territory49,Territory50,Territory35
Territory35,386,135,Column 3,Territory17,Territory18,Territory50,Territory34
Territory36,386,201,Column 3,Territory19,Territory20,Territory51,Territory52
Territory37,387,273,Column 3,Territory20,Territory21,Territory52,Territory53,Territory38
Territory38,388,312,Column 3,Territory21,Territory22,Territory54,Territory39,Territory37
Territory39,388,349,Column 3,Territory22,Territory23,Territory55,Territory38
Territory40,387,427,Column 3,Territory23,Territory24,Territory25,Territory56
Territory41,387,522,Column 3,Territory25,Territory26,Territory57,Territory42
Territory42,385,568,Column 3,Territory26,Territory27,Territory57,Territory43,Territory41
Territory43,384,609,Column 3,Territory27,Territory28,Territory58,Territory59,Territory42
Territory44,385,732,Column 3,Territory29,Territory45,Territory60,Territory61
Territory45,385,774,Column 3,Territory29,Territory30,Territory44,Territory61,Territory62,Territory46
Territory46,384,808,Column 3,Territory29,Territory30,Territory31,Territory45,Territory47,Territory62
Territory47,386,843,Column 3,Territory30,Territory31,Territory32,Territory46,Territory62
Territory48,505,45,Column 4,Territory33,Territory49
Territory49,507,74,Column 4,Territory33,Territory34,Territory48,Territory126
Territory50,505,136,Column 4,Territory34,Territory35,Territory127
Territory51,505,199,Column 4,Territory36,Territory52,Territory129
Territory52,505,238,Column 4,Territory36,Territory37,Territory51,Territory53
Territory53,506,271,Column 4,Territory37,Territory52,Territory54
Territory54,506,308,Column 4,Territory38,Territory53,Territory55,Territory130
Territory55,507,346,Column 4,Territory39,Territory54,Territory131
Territory56,507,424,Column 4,Territory40,Territory133
Territory57,504,565,Column 4,Territory41,Territory42,Territory58,Territory135
Territory58,505,608,Column 4,Territory43,Territory57,Territory59,Territory136
Territory59,505,651,Column 4,Territory43,Territory58,Territory60,Territory137
Territory60,505,696,Column 4,Territory44,Territory61,Territory59,Territory138
Territory61,508,736,Column 4,Territory44,Territory45,Territory60
Territory62,508,807,Column 4,Territory45,Territory46,Territory47,Territory139
Territory126,624,73,Column 5,Territory49,Territory78
Territory127,625,135,Column 5,Territory50,Territory80,Territory128
Territory128,628,168,Column 5,Territory81,Territory127,Territory129
Territory129,628,198,Column 5,Territory51,Territory82,Territory128
Territory130,626,309,Column 5,Territory54,Territory84,Territory131
Territory131,627,349,Column 5,Territory55,Territory85,Territory130,Territory132
Territory132,627,389,Column 5,Territory131,Territory133
Territory133,627,425,Column 5,Territory56,Territory132,Territory134
Territory134,628,475,Column 5,Territory86,Territory133
Territory135,628,561,Column 5,Territory57,Territory88,Territory136
Territory136,624,614,Column 5,Territory58,Territory135,Territory137
Territory137,624,649,Column 5,Territory59,Territory89,Territory136,Territory138
Territory138,626,693,Column 5,Territory60,Territory137
Territory139,624,805,Column 5,Territory62,Territory91,Territory140
Territory140,624,836,Column 5,Territory92,Territory139
Territory78,746,81,Column 6,Territory93,Territory79,Territory126
Territory79,748,108,Column 6,Territory93,Territory78,Territory80
Territory80,748,131,Column 6,Territory93,Territory94,Territory79,Territory81,Territory127
Territory81,749,164,Column 6,Territory94,Territory80,Territory82,Territory128
Territory82,749,197,Column 6,Territory94,Territory81,Territory129
Territory83,749,272,Column 6,Territory95,Territory84
Territory84,749,310,Column 6,Territory96,Territory83,Territory85,Territory130
Territory85,749,344,Column 6,Territory96,Territory84,Territory131
Territory86,749,472,Column 6,Territory97,Territory98,Territory87,Territory134
Territory87,746,517,Column 6,Territory99,Territory86,Territory88
Territory88,748,567,Column 6,Territory100,Territory87,Territory135
Territory89,748,653,Column 6,Territory101,Territory102,Territory137
Territory90,748,771,Column 6,Territory103,Territory104,Territory91
Territory91,748,807,Column 6,Territory105,Territory90,Territory92,Territory139
Territory92,748,843,Column 6,Territory107,Territory106,Territory91,Territory140
Territory93,870,103,Column 7,Territory108,Territory78,Territory79,Territory80
Territory94,870,162,Column 7,Territory109,Territory110,Territory80,Territory81,Territory82
Territory95,867,273,Column 7,Territory111,Territory112,Territory113,Territory83,Territory96
Territory96,867,310,Column 7,Territory112,Territory113,Territory114,Territory84,Territory85,Territory95
Territory97,868,430,Column 7,Territory115,Territory116,Territory98,Territory86
Territory98,868,472,Column 7,Territory115,Territory116,Territory97,Territory86,Territory99
Territory99,870,523,Column 7,Territory116,Territory117,Territory98,Territory87,Territory100
Territory100,870,565,Column 7,Territory117,Territory118,Territory99,Territory88
Territory101,867,648,Column 7,Territory118,Territory119,Territory120,Territory89,Territory102
Territory102,868,691,Column 7,Territory119,Territory120,Territory121,Territory101,Territory89,Territory103
Territory103,866,735,Column 7,Territory120,Territory121,Territory102,Territory90,Territory104
Territory104,866,773,Column 7,Territory121,Territory103,Territory90,Territory105
Territory105,867,808,Column 7,Territory122,Territory104,Territory91,Territory106
Territory106,867,837,Column 7,Territory122,Territory123,Territory105,Territory107,Territory92
Territory107,867,870,Column 7,Territory122,Territory123,Territory106,Territory92
Territory108,991,99,Column 8,Territory63,Territory64,Territory65,Territory93
Territory109,988,167,Column 8,Territory65,Territory66,Territory94,Territory110
Territory110,989,201,Column 8,Territory66,Territory67,Territory109,Territory94,Territory111
Territory111,991,238,Column 8,Territory67,Territory68,Territory110,Territory95,Territory112
Territory112,990,272,Column 8,Territory67,Territory68,Territory69,Territory111,Territory95,Territory96,Territory113
Territory113,990,308,Column 8,Territory68,Territory69,Territory70,Territory112,Territory95,Territory96,Territory114
Territory114,987,347,Column 8,Territory69,Territory70,Territory71,Territory113,Territory96
Territory115,988,426,Column 8,Territory71,Territory72,Territory73,Territory97,Territory98,Territory116
Territory116,990,471,Column 8,Territory72,Territory73,Territory115,Territory97,Territory98,Territory99
Territory117,990,567,Column 8,Territory74,Territory75,Territory99,Territory100,Territory118
Territory118,991,608,Column 8,Territory74,Territory75,Territory76,Territory117,Territory100,Territory101,Territory119
Territory119,991,651,Column 8,Territory75,Territory76,Territory77,Territory118,Territory120,Territory101,Territory102
Territory120,993,695,Column 8,Territory76,Territory77,Territory119,Territory101,Territory102,Territory103,Territory121
Territory121,993,733,Column 8,Territory77,Territory120,Territory103,Territory102,Territory104
Territory122,994,837,Column 8,Territory124,Territory125,Territory105,Territory106,Territory107,Territory123
Territory123,994,865,Column 8,Territory125,Territory106,Territory107,Territory122
Territory63,1114,76,Column 9,Territory108,Territory64
Territory64,1115,105,Column 9,Territory63,Territory108,Territory65
Territory65,1115,130,Column 9,Territory64,Territory109,Territory66,Territory108
Territory66,1115,159,Column 9,Territory65,Territory110,Territory109
Territory67,1117,237,Column 9,Territory110,Territory111,Territory112,Territory68
Territory68,1114,272,Column 9,Territory67,Territory69,Territory111,Territory112,Territory113
Territory69,1115,310,Column 9,Territory68,Territory112,Territory113,Territory114,Territory70
Territory70,1111,346,Column 9,Territory69,Territory113,Territory114,Territory71
Territory71,1112,384,Column 9,Territory70,Territory114,Territory115,Territory72
Territory72,1112,426,Column 9,Territory71,Territory115,Territory116,Territory73
Territory73,1112,475,Column 9,Territory72,Territory115,Territory116
Territory74,1112,567,Column 9,Territory117,Territory75,Territory118
Territory75,1112,610,Column 9,Territory74,Territory118,Territory76,Territory119,Territory117
Territory76,1111,650,Column 9,Territory75,Territory118,Territory119,Territory120,Territory77
Territory77,1109,692,Column 9,Territory76,Territory119,Territory120,Territory121
Territory124,1115,808,Column 9,Territory122,Territory125
Territory125,1116,838,Column 9,Territory124,Territory123,Territory122
