[Map]
author= gicran
image=World2005.bmp
wrap=yes
scroll=horizontal
warn=no

[Continents]
AmericaN=5
AmericaS=5
AfricaN=5
AfricaS=5
AsiaW=5
AsiaE=5
Oceania=3
Europa=7

[Territories]
Alaska,63,56,AmericaN,SiberiaE,CanadaW
CanadaW,111,75,AmericaN,Alaska,Montana,CanadaM
CanadaM,165,76,AmericaN,CanadaW,CanadaE,Illinois,Montana,Groenlandia
CanadaE,242,93,AmericaN,CanadaM,Groenlandia,Illinois
Groenlandia,353,31,AmericaN,CanadaM,CanadaE,Islandia
Montana,111,126,AmericaN,CanadaW,CanadaM,Illinois,Texas,Arizona
Illinois,164,128,AmericaN,CanadaM,CanadaE,Texas,Montana
Arizona,90,155,AmericaN,Montana,Texas,Mexico
Texas,145,161,AmericaN,Montana,Illinois,Cuba,Mexico,Arizona
Mexico,107,201,AmericaN,Arizona,Texas,Cuba,Nicaragua
Nicaragua,156,234,AmericaN,Mexico,Colombia
Cuba,187,209,AmericaN,Texas,Mexico,Marruecos

Colombia,196,270,AmericaS,Nicaragua,BrasilN,Peru,Ecuador
Venezuela,220,258,AmericaS
Guayana,247,267,AmericaS,BrasilN
Ecuador,176,288,AmericaS,Colombia,Peru
Peru,185,310,AmericaS,Ecuador,Colombia,BrasilN,Bolivia,Chile
BrasilN,250,300,AmericaS,Peru,Colombia,Guayana,BrasilS,Bolivia
BrasilS,275,343,AmericaS,BrasilN,Uruguay,Argentina,Paraguay,Bolivia,Angola
Bolivia,224,342,AmericaS,Peru,BrasilN,BrasilS,Paraguay,Argentina,Chile
Paraguay,245,363,AmericaS,Bolivia,BrasilS,Argentina
Uruguay,261,401,AmericaS,Argentina,BrasilS
Argentina,237,401,AmericaS,Chile,Bolivia,Paraguay,BrasilS,Uruguay
Chile,216,411,AmericaS,Peru,Bolivia,Argentina,NZelanda

NZelanda,944,441,Oceania,Chile,AustraliaE
AustraliaE,892,382,Oceania,AustraliaW,NGuinea,NZelanda
AustraliaW,838,371,Oceania,Sumatra,Borneo,AustraliaE
NGuinea,899,304,Oceania,Filipinas,AustraliaE
Borneo,811,282,Oceania,AustraliaW,Vietnan
Sumatra,773,292,Oceania,Tailandia,AustraliaW
Filipinas,837,239,Oceania,ChinaE,NGuinea

Vietnan,783,234,AsiaE,ChinaE,Borneo,Tailandia,Birmania
Tailandia,764,228,AsiaE,Birmania,Vietnan,Sumatra
Birmania,746,206,AsiaE,India,ChinaE,Vietnan,Tailandia
India,692,202,AsiaE,Pakistan,ChinaW,ChinaE,Birmania
Pakistan,654,179,AsiaE,Iran,Afganistan,ChinaW,India
ChinaW,702,150,AsiaE,Kazajstan,SiberiaW,Mongolia,ChinaE,India,Pakistan,Afganistan,Turmenistan
Mongolia,737,118,AsiaE,SiberiaW,SiberiaE,ChinaE,ChinaW
SiberiaE,761,71,AsiaE,SiberiaW,Alaska,Japon,ChinaE,Mongolia
ChinaE,782,162,AsiaE,ChinaW,Mongolia,SiberiaE,Corea,Filipinas,Vietnan,Birmania,India
Japon,864,155,AsiaE,SiberiaE,Corea
Corea,832,154,AsiaE,Japon,ChinaE

Turquia,540,143,AsiaW,Grecia,RusiaS,Iran,Iraq,Siria
Siria,555,159,AsiaW,Turquia,Iraq,Jordania
Jordania,550,173,AsiaW,Siria,Iraq,Arabia,Egipto
Arabia,577,197,AsiaW,Jordania,Iraq,Oman,Yemen,Egipto
Yemen,586,229,AsiaW,Arabia,Oman
Oman,619,209,AsiaW,Arabia,Yemen
Iraq,571,166,AsiaW,Siria,Turquia,Iran,Arabia,Jordania
Iran,607,170,AsiaW,Iraq,RusiaS,Turquia,Turmenistan,Afganistan,Pakistan
Turmenistan,620,139,AsiaW,Iran,Kazajstan,ChinaW,Afganistan
Kazajstan,636,113,AsiaW,RusiaS,SiberiaW,ChinaW,Turmenistan
SiberiaW,658,67,AsiaW,RusiaN,RusiaS,Kazajstan,SiberiaE,Mongolia,ChinaW
Afganistan,642,163,AsiaW,Iran,Turmenistan,ChinaW,Pakistan 

Marruecos,405,185,AfricaN,Cuba,Iberica,Argelia,Mauritania
Argelia,446,184,AfricaN,Marruecos,Libia,Mauritania,Niger,Mali
Libia,489,188,AfricaN,Argelia,Egipto,Sudan,Chad,Niger
Egipto,530,191,AfricaN,Libia,Jordania,Arabia,Sudan
Sudan,531,235,AfricaN,Chad,Libia,Egipto,Etiopia,Kenia,RCongo,Camerun
Etiopia,563,252,AfricaN,Sudan,Somalia,Kenia
Chad,496,230,AfricaN,Niger,Libia,Sudan,Camerun,Nigeria
Niger,467,222,AfricaN,Mali,Argelia,Libia,Chad,Nigeria,CostaMarfil
Mali,429,219,AfricaN,Mauritania,Argelia,Niger,CostaMarfil
Mauritania,404,214,AfricaN,Marruecos,Argelia,Mali,CostaMarfil
CostaMarfil,409,255,AfricaN,Mauritania,Mali,Niger,Nigeria
Nigeria,459,250,AfricaN,CostaMarfil,Niger,Chad,Camerun

Camerun,482,276,AfricaS,Nigeria,Chad,Sudan,RCongo,
RCongo,514,293,AfricaS,Camerun,Sudan,Kenia,Tanzania,Zambia,Angola
Kenia,555,280,AfricaS,RCongo,Sudan,Etiopia,Somalia,Tanzania
Somalia,594,251,AfricaS,Etiopia,Kenia
Tanzania,549,306,AfricaS,RCongo,Kenia,Zambia,Mozambique
Zambia,526,341,AfricaS,Angola,RCongo,Tanzania,Mozambique,Botsuana,Sudafrica
Angola,493,329,AfricaS,RCongo,Zambia,Botsuana,Namibia,BrasilS
Namibia,493,363,AfricaS,Angola,Botsuana,Sudafrica
Mozambique,553,339,AfricaS,Tanzania,Zambia,Sudafrica,Madagascar
Botsuana,513,362,AfricaS,Namibia,Angola,Zambia,Sudafrica
Sudafrica,515,391,AfricaS,Namibia,Botsuana,Zambia,Mozambique
Madagascar,587,353,AfricaS,Mozambique

Iberica,425,140,Europa,Marruecos,Francia,
Francia,446,118,Europa,RUnido,Alemania,Italia,Iberica
RUnido,435,97,Europa,Islandia,Francia,Alemania
Islandia,397,58,Europa,Groenlandia,RUnido
Alemania,466,103,Europa,RUnido,Francia,Polonia,Yugoslavia,Italia,Noruega
Italia,470,123,Europa,Francia,Alemania,Yugoslavia
Yugoslavia,489,116,Europa,Italia,Alemania,Polonia,Rumania,Grecia,Ukrania
Grecia,502,139,Europa,Turquia,Yugoslavia,Rumania
Rumania,513,120,Europa,Grecia,Yugoslavia,Ukrania
Polonia,494,99,Europa,Alemania,Bielorrusia,Ukrania,Yugoslavia
Bielorrusia,513,91,Europa,Polonia,RusiaN,RusiaS,Ukrania
Ukrania,533,110,Europa,Polonia,Bielorusia,RusiaS,Rumania
RusiaS,563,99,Europa,Ukrania,Bielorrusia,RusiaN,SiberiaW,Kazajstan,Iran,Turquia
RusiaN,552,67,Europa,Bielorrusia,Finlandia,Noruega,SiberiaW,RusiaS
Finlandia,510,62,Europa,Noruega,Suecia,RusiaN
Noruega,465,67,Europa,RusiaN,Finlandia,Suecia,Alemania
Suecia,482,64,Europa,Noruega,Finlandia


